Timing Analyzer report for hamming_distance
Fri Mar  8 19:21:10 2024
Quartus Prime Version 20.1.1 Build 720 11/11/2020 SJ Standard Edition


---------------------
; Table of Contents ;
---------------------
  1. Legal Notice
  2. Timing Analyzer Summary
  3. Parallel Compilation
  4. SDC File List
  5. Clocks
  6. Slow 1200mV 85C Model Fmax Summary
  7. Timing Closure Recommendations
  8. Slow 1200mV 85C Model Setup Summary
  9. Slow 1200mV 85C Model Hold Summary
 10. Slow 1200mV 85C Model Recovery Summary
 11. Slow 1200mV 85C Model Removal Summary
 12. Slow 1200mV 85C Model Minimum Pulse Width Summary
 13. Slow 1200mV 85C Model Setup: 'n/a'
 14. Slow 1200mV 85C Model Metastability Summary
 15. Slow 1200mV 0C Model Fmax Summary
 16. Slow 1200mV 0C Model Setup Summary
 17. Slow 1200mV 0C Model Hold Summary
 18. Slow 1200mV 0C Model Recovery Summary
 19. Slow 1200mV 0C Model Removal Summary
 20. Slow 1200mV 0C Model Minimum Pulse Width Summary
 21. Slow 1200mV 0C Model Setup: 'n/a'
 22. Slow 1200mV 0C Model Metastability Summary
 23. Fast 1200mV 0C Model Setup Summary
 24. Fast 1200mV 0C Model Hold Summary
 25. Fast 1200mV 0C Model Recovery Summary
 26. Fast 1200mV 0C Model Removal Summary
 27. Fast 1200mV 0C Model Minimum Pulse Width Summary
 28. Fast 1200mV 0C Model Setup: 'n/a'
 29. Fast 1200mV 0C Model Metastability Summary
 30. Multicorner Timing Analysis Summary
 31. Board Trace Model Assignments
 32. Input Transition Times
 33. Signal Integrity Metrics (Slow 1200mv 0c Model)
 34. Signal Integrity Metrics (Slow 1200mv 85c Model)
 35. Signal Integrity Metrics (Fast 1200mv 0c Model)
 36. Clock Transfers
 37. Report TCCS
 38. Report RSKM
 39. Unconstrained Paths Summary
 40. Unconstrained Input Ports
 41. Unconstrained Output Ports
 42. Timing Analyzer Messages



----------------
; Legal Notice ;
----------------
Copyright (C) 2020  Intel Corporation. All rights reserved.
Your use of Intel Corporation's design tools, logic functions 
and other software and tools, and any partner logic 
functions, and any output files from any of the foregoing 
(including device programming or simulation files), and any 
associated documentation or information are expressly subject 
to the terms and conditions of the Intel Program License 
Subscription Agreement, the Intel Quartus Prime License Agreement,
the Intel FPGA IP License Agreement, or other applicable license
agreement, including, without limitation, that your use is for
the sole purpose of programming logic devices manufactured by
Intel and sold by Intel or its authorized distributors.  Please
refer to the applicable agreement for further details, at
https://fpgasoftware.intel.com/eula.



+---------------------------------------------------------------------------------+
; Timing Analyzer Summary                                                         ;
+-----------------------+---------------------------------------------------------+
; Quartus Prime Version ; Version 20.1.1 Build 720 11/11/2020 SJ Standard Edition ;
; Timing Analyzer       ; Legacy Timing Analyzer                                  ;
; Revision Name         ; hamming_distance                                        ;
; Device Family         ; Cyclone IV E                                            ;
; Device Name           ; EP4CE6E22C7                                             ;
; Timing Models         ; Final                                                   ;
; Delay Model           ; Combined                                                ;
; Rise/Fall Delays      ; Enabled                                                 ;
+-----------------------+---------------------------------------------------------+


+------------------------------------------+
; Parallel Compilation                     ;
+----------------------------+-------------+
; Processors                 ; Number      ;
+----------------------------+-------------+
; Number detected on machine ; 8           ;
; Maximum allowed            ; 8           ;
;                            ;             ;
; Average used               ; 1.04        ;
; Maximum used               ; 8           ;
;                            ;             ;
; Usage by Processor         ; % Time Used ;
;     Processor 1            ; 100.0%      ;
;     Processors 2-8         ;   0.6%      ;
+----------------------------+-------------+


+---------------------------------------------------+
; SDC File List                                     ;
+---------------+--------+--------------------------+
; SDC File Path ; Status ; Read at                  ;
+---------------+--------+--------------------------+
; sdc1.sdc      ; OK     ; Fri Mar  8 19:21:09 2024 ;
+---------------+--------+--------------------------+


----------
; Clocks ;
----------
No clocks to report.


--------------------------------------
; Slow 1200mV 85C Model Fmax Summary ;
--------------------------------------
No paths to report.


----------------------------------
; Timing Closure Recommendations ;
----------------------------------
HTML report is unavailable in plain text report export.


+-------------------------------------+
; Slow 1200mV 85C Model Setup Summary ;
+-------+--------+--------------------+
; Clock ; Slack  ; End Point TNS      ;
+-------+--------+--------------------+
; n/a   ; -3.307 ; -12.053            ;
+-------+--------+--------------------+


--------------------------------------
; Slow 1200mV 85C Model Hold Summary ;
--------------------------------------
No paths to report.


------------------------------------------
; Slow 1200mV 85C Model Recovery Summary ;
------------------------------------------
No paths to report.


-----------------------------------------
; Slow 1200mV 85C Model Removal Summary ;
-----------------------------------------
No paths to report.


-----------------------------------------------------
; Slow 1200mV 85C Model Minimum Pulse Width Summary ;
-----------------------------------------------------
No paths to report.


+----------------------------------------------------------------------------------------------------+
; Slow 1200mV 85C Model Setup: 'n/a'                                                                 ;
+--------+-----------+---------+--------------+-------------+--------------+------------+------------+
; Slack  ; From Node ; To Node ; Launch Clock ; Latch Clock ; Relationship ; Clock Skew ; Data Delay ;
+--------+-----------+---------+--------------+-------------+--------------+------------+------------+
; -3.307 ; b[14]     ; y[4]    ; n/a          ; n/a         ; 9.000        ; 0.000      ; 12.307     ;
; -3.229 ; a[9]      ; y[4]    ; n/a          ; n/a         ; 9.000        ; 0.000      ; 12.229     ;
; -3.188 ; a[8]      ; y[4]    ; n/a          ; n/a         ; 9.000        ; 0.000      ; 12.188     ;
; -3.170 ; a[6]      ; y[4]    ; n/a          ; n/a         ; 9.000        ; 0.000      ; 12.170     ;
; -3.162 ; a[7]      ; y[4]    ; n/a          ; n/a         ; 9.000        ; 0.000      ; 12.162     ;
; -3.145 ; a[14]     ; y[4]    ; n/a          ; n/a         ; 9.000        ; 0.000      ; 12.145     ;
; -3.124 ; a[15]     ; y[4]    ; n/a          ; n/a         ; 9.000        ; 0.000      ; 12.124     ;
; -3.102 ; b[6]      ; y[4]    ; n/a          ; n/a         ; 9.000        ; 0.000      ; 12.102     ;
; -3.099 ; b[16]     ; y[4]    ; n/a          ; n/a         ; 9.000        ; 0.000      ; 12.099     ;
; -3.074 ; b[9]      ; y[4]    ; n/a          ; n/a         ; 9.000        ; 0.000      ; 12.074     ;
; -3.023 ; b[8]      ; y[4]    ; n/a          ; n/a         ; 9.000        ; 0.000      ; 12.023     ;
; -3.010 ; b[2]      ; y[4]    ; n/a          ; n/a         ; 9.000        ; 0.000      ; 12.010     ;
; -3.002 ; b[22]     ; y[4]    ; n/a          ; n/a         ; 9.000        ; 0.000      ; 12.002     ;
; -2.962 ; a[21]     ; y[4]    ; n/a          ; n/a         ; 9.000        ; 0.000      ; 11.962     ;
; -2.951 ; a[23]     ; y[4]    ; n/a          ; n/a         ; 9.000        ; 0.000      ; 11.951     ;
; -2.946 ; b[3]      ; y[4]    ; n/a          ; n/a         ; 9.000        ; 0.000      ; 11.946     ;
; -2.940 ; a[20]     ; y[4]    ; n/a          ; n/a         ; 9.000        ; 0.000      ; 11.940     ;
; -2.937 ; b[24]     ; y[4]    ; n/a          ; n/a         ; 9.000        ; 0.000      ; 11.937     ;
; -2.933 ; a[17]     ; y[4]    ; n/a          ; n/a         ; 9.000        ; 0.000      ; 11.933     ;
; -2.927 ; a[4]      ; y[4]    ; n/a          ; n/a         ; 9.000        ; 0.000      ; 11.927     ;
; -2.899 ; a[5]      ; y[4]    ; n/a          ; n/a         ; 9.000        ; 0.000      ; 11.899     ;
; -2.832 ; b[14]     ; y[3]    ; n/a          ; n/a         ; 9.000        ; 0.000      ; 11.832     ;
; -2.814 ; b[15]     ; y[4]    ; n/a          ; n/a         ; 9.000        ; 0.000      ; 11.814     ;
; -2.800 ; b[17]     ; y[4]    ; n/a          ; n/a         ; 9.000        ; 0.000      ; 11.800     ;
; -2.798 ; b[23]     ; y[4]    ; n/a          ; n/a         ; 9.000        ; 0.000      ; 11.798     ;
; -2.787 ; b[21]     ; y[4]    ; n/a          ; n/a         ; 9.000        ; 0.000      ; 11.787     ;
; -2.785 ; a[3]      ; y[4]    ; n/a          ; n/a         ; 9.000        ; 0.000      ; 11.785     ;
; -2.776 ; a[16]     ; y[4]    ; n/a          ; n/a         ; 9.000        ; 0.000      ; 11.776     ;
; -2.768 ; b[20]     ; y[4]    ; n/a          ; n/a         ; 9.000        ; 0.000      ; 11.768     ;
; -2.753 ; a[9]      ; y[3]    ; n/a          ; n/a         ; 9.000        ; 0.000      ; 11.753     ;
; -2.745 ; b[7]      ; y[4]    ; n/a          ; n/a         ; 9.000        ; 0.000      ; 11.745     ;
; -2.712 ; a[8]      ; y[3]    ; n/a          ; n/a         ; 9.000        ; 0.000      ; 11.712     ;
; -2.694 ; a[6]      ; y[3]    ; n/a          ; n/a         ; 9.000        ; 0.000      ; 11.694     ;
; -2.686 ; a[7]      ; y[3]    ; n/a          ; n/a         ; 9.000        ; 0.000      ; 11.686     ;
; -2.672 ; a[2]      ; y[4]    ; n/a          ; n/a         ; 9.000        ; 0.000      ; 11.672     ;
; -2.670 ; a[14]     ; y[3]    ; n/a          ; n/a         ; 9.000        ; 0.000      ; 11.670     ;
; -2.649 ; a[15]     ; y[3]    ; n/a          ; n/a         ; 9.000        ; 0.000      ; 11.649     ;
; -2.626 ; b[6]      ; y[3]    ; n/a          ; n/a         ; 9.000        ; 0.000      ; 11.626     ;
; -2.624 ; b[16]     ; y[3]    ; n/a          ; n/a         ; 9.000        ; 0.000      ; 11.624     ;
; -2.620 ; b[4]      ; y[4]    ; n/a          ; n/a         ; 9.000        ; 0.000      ; 11.620     ;
; -2.612 ; a[24]     ; y[4]    ; n/a          ; n/a         ; 9.000        ; 0.000      ; 11.612     ;
; -2.607 ; b[22]     ; y[3]    ; n/a          ; n/a         ; 9.000        ; 0.000      ; 11.607     ;
; -2.598 ; b[9]      ; y[3]    ; n/a          ; n/a         ; 9.000        ; 0.000      ; 11.598     ;
; -2.568 ; b[18]     ; y[4]    ; n/a          ; n/a         ; 9.000        ; 0.000      ; 11.568     ;
; -2.567 ; a[21]     ; y[3]    ; n/a          ; n/a         ; 9.000        ; 0.000      ; 11.567     ;
; -2.560 ; b[5]      ; y[4]    ; n/a          ; n/a         ; 9.000        ; 0.000      ; 11.560     ;
; -2.556 ; a[23]     ; y[3]    ; n/a          ; n/a         ; 9.000        ; 0.000      ; 11.556     ;
; -2.547 ; b[8]      ; y[3]    ; n/a          ; n/a         ; 9.000        ; 0.000      ; 11.547     ;
; -2.545 ; a[20]     ; y[3]    ; n/a          ; n/a         ; 9.000        ; 0.000      ; 11.545     ;
; -2.544 ; b[24]     ; y[3]    ; n/a          ; n/a         ; 9.000        ; 0.000      ; 11.544     ;
; -2.534 ; b[2]      ; y[3]    ; n/a          ; n/a         ; 9.000        ; 0.000      ; 11.534     ;
; -2.501 ; a[18]     ; y[4]    ; n/a          ; n/a         ; 9.000        ; 0.000      ; 11.501     ;
; -2.480 ; a[4]      ; y[3]    ; n/a          ; n/a         ; 9.000        ; 0.000      ; 11.480     ;
; -2.472 ; a[5]      ; y[3]    ; n/a          ; n/a         ; 9.000        ; 0.000      ; 11.472     ;
; -2.470 ; b[3]      ; y[3]    ; n/a          ; n/a         ; 9.000        ; 0.000      ; 11.470     ;
; -2.458 ; a[17]     ; y[3]    ; n/a          ; n/a         ; 9.000        ; 0.000      ; 11.458     ;
; -2.447 ; a[22]     ; y[4]    ; n/a          ; n/a         ; 9.000        ; 0.000      ; 11.447     ;
; -2.433 ; b[14]     ; y[2]    ; n/a          ; n/a         ; 9.000        ; 0.000      ; 11.433     ;
; -2.416 ; b[23]     ; y[3]    ; n/a          ; n/a         ; 9.000        ; 0.000      ; 11.416     ;
; -2.413 ; a[19]     ; y[4]    ; n/a          ; n/a         ; 9.000        ; 0.000      ; 11.413     ;
; -2.392 ; b[21]     ; y[3]    ; n/a          ; n/a         ; 9.000        ; 0.000      ; 11.392     ;
; -2.373 ; b[20]     ; y[3]    ; n/a          ; n/a         ; 9.000        ; 0.000      ; 11.373     ;
; -2.359 ; a[12]     ; y[4]    ; n/a          ; n/a         ; 9.000        ; 0.000      ; 11.359     ;
; -2.339 ; b[15]     ; y[3]    ; n/a          ; n/a         ; 9.000        ; 0.000      ; 11.339     ;
; -2.325 ; b[17]     ; y[3]    ; n/a          ; n/a         ; 9.000        ; 0.000      ; 11.325     ;
; -2.319 ; a[13]     ; y[4]    ; n/a          ; n/a         ; 9.000        ; 0.000      ; 11.319     ;
; -2.309 ; a[3]      ; y[3]    ; n/a          ; n/a         ; 9.000        ; 0.000      ; 11.309     ;
; -2.301 ; a[16]     ; y[3]    ; n/a          ; n/a         ; 9.000        ; 0.000      ; 11.301     ;
; -2.290 ; b[22]     ; y[2]    ; n/a          ; n/a         ; 9.000        ; 0.000      ; 11.290     ;
; -2.271 ; a[14]     ; y[2]    ; n/a          ; n/a         ; 9.000        ; 0.000      ; 11.271     ;
; -2.269 ; b[7]      ; y[3]    ; n/a          ; n/a         ; 9.000        ; 0.000      ; 11.269     ;
; -2.254 ; a[6]      ; y[2]    ; n/a          ; n/a         ; 9.000        ; 0.000      ; 11.254     ;
; -2.250 ; a[15]     ; y[2]    ; n/a          ; n/a         ; 9.000        ; 0.000      ; 11.250     ;
; -2.250 ; a[21]     ; y[2]    ; n/a          ; n/a         ; 9.000        ; 0.000      ; 11.250     ;
; -2.246 ; a[7]      ; y[2]    ; n/a          ; n/a         ; 9.000        ; 0.000      ; 11.246     ;
; -2.239 ; a[23]     ; y[2]    ; n/a          ; n/a         ; 9.000        ; 0.000      ; 11.239     ;
; -2.238 ; b[13]     ; y[4]    ; n/a          ; n/a         ; 9.000        ; 0.000      ; 11.238     ;
; -2.232 ; b[24]     ; y[2]    ; n/a          ; n/a         ; 9.000        ; 0.000      ; 11.232     ;
; -2.229 ; b[16]     ; y[2]    ; n/a          ; n/a         ; 9.000        ; 0.000      ; 11.229     ;
; -2.228 ; a[20]     ; y[2]    ; n/a          ; n/a         ; 9.000        ; 0.000      ; 11.228     ;
; -2.219 ; a[24]     ; y[3]    ; n/a          ; n/a         ; 9.000        ; 0.000      ; 11.219     ;
; -2.217 ; b[18]     ; y[3]    ; n/a          ; n/a         ; 9.000        ; 0.000      ; 11.217     ;
; -2.199 ; b[19]     ; y[4]    ; n/a          ; n/a         ; 9.000        ; 0.000      ; 11.199     ;
; -2.197 ; a[2]      ; y[3]    ; n/a          ; n/a         ; 9.000        ; 0.000      ; 11.197     ;
; -2.195 ; b[4]      ; y[3]    ; n/a          ; n/a         ; 9.000        ; 0.000      ; 11.195     ;
; -2.186 ; b[6]      ; y[2]    ; n/a          ; n/a         ; 9.000        ; 0.000      ; 11.186     ;
; -2.150 ; a[9]      ; y[2]    ; n/a          ; n/a         ; 9.000        ; 0.000      ; 11.150     ;
; -2.122 ; b[5]      ; y[3]    ; n/a          ; n/a         ; 9.000        ; 0.000      ; 11.122     ;
; -2.109 ; a[8]      ; y[2]    ; n/a          ; n/a         ; 9.000        ; 0.000      ; 11.109     ;
; -2.107 ; a[18]     ; y[3]    ; n/a          ; n/a         ; 9.000        ; 0.000      ; 11.107     ;
; -2.104 ; b[23]     ; y[2]    ; n/a          ; n/a         ; 9.000        ; 0.000      ; 11.104     ;
; -2.096 ; b[2]      ; y[2]    ; n/a          ; n/a         ; 9.000        ; 0.000      ; 11.096     ;
; -2.075 ; b[21]     ; y[2]    ; n/a          ; n/a         ; 9.000        ; 0.000      ; 11.075     ;
; -2.075 ; a[17]     ; y[2]    ; n/a          ; n/a         ; 9.000        ; 0.000      ; 11.075     ;
; -2.056 ; b[20]     ; y[2]    ; n/a          ; n/a         ; 9.000        ; 0.000      ; 11.056     ;
; -2.053 ; b[3]      ; y[2]    ; n/a          ; n/a         ; 9.000        ; 0.000      ; 11.053     ;
; -2.052 ; a[22]     ; y[3]    ; n/a          ; n/a         ; 9.000        ; 0.000      ; 11.052     ;
; -2.040 ; b[14]     ; y[1]    ; n/a          ; n/a         ; 9.000        ; 0.000      ; 11.040     ;
; -2.032 ; a[4]      ; y[2]    ; n/a          ; n/a         ; 9.000        ; 0.000      ; 11.032     ;
; -2.022 ; a[5]      ; y[2]    ; n/a          ; n/a         ; 9.000        ; 0.000      ; 11.022     ;
+--------+-----------+---------+--------------+-------------+--------------+------------+------------+


-----------------------------------------------
; Slow 1200mV 85C Model Metastability Summary ;
-----------------------------------------------
No synchronizer chains to report.


-------------------------------------
; Slow 1200mV 0C Model Fmax Summary ;
-------------------------------------
No paths to report.


+------------------------------------+
; Slow 1200mV 0C Model Setup Summary ;
+-------+--------+-------------------+
; Clock ; Slack  ; End Point TNS     ;
+-------+--------+-------------------+
; n/a   ; -2.127 ; -6.739            ;
+-------+--------+-------------------+


-------------------------------------
; Slow 1200mV 0C Model Hold Summary ;
-------------------------------------
No paths to report.


-----------------------------------------
; Slow 1200mV 0C Model Recovery Summary ;
-----------------------------------------
No paths to report.


----------------------------------------
; Slow 1200mV 0C Model Removal Summary ;
----------------------------------------
No paths to report.


----------------------------------------------------
; Slow 1200mV 0C Model Minimum Pulse Width Summary ;
----------------------------------------------------
No paths to report.


+----------------------------------------------------------------------------------------------------+
; Slow 1200mV 0C Model Setup: 'n/a'                                                                  ;
+--------+-----------+---------+--------------+-------------+--------------+------------+------------+
; Slack  ; From Node ; To Node ; Launch Clock ; Latch Clock ; Relationship ; Clock Skew ; Data Delay ;
+--------+-----------+---------+--------------+-------------+--------------+------------+------------+
; -2.127 ; b[14]     ; y[4]    ; n/a          ; n/a         ; 9.000        ; 0.000      ; 11.127     ;
; -2.078 ; a[9]      ; y[4]    ; n/a          ; n/a         ; 9.000        ; 0.000      ; 11.078     ;
; -2.044 ; a[7]      ; y[4]    ; n/a          ; n/a         ; 9.000        ; 0.000      ; 11.044     ;
; -2.040 ; a[8]      ; y[4]    ; n/a          ; n/a         ; 9.000        ; 0.000      ; 11.040     ;
; -1.999 ; a[14]     ; y[4]    ; n/a          ; n/a         ; 9.000        ; 0.000      ; 10.999     ;
; -1.999 ; a[6]      ; y[4]    ; n/a          ; n/a         ; 9.000        ; 0.000      ; 10.999     ;
; -1.982 ; b[9]      ; y[4]    ; n/a          ; n/a         ; 9.000        ; 0.000      ; 10.982     ;
; -1.979 ; a[15]     ; y[4]    ; n/a          ; n/a         ; 9.000        ; 0.000      ; 10.979     ;
; -1.973 ; b[16]     ; y[4]    ; n/a          ; n/a         ; 9.000        ; 0.000      ; 10.973     ;
; -1.953 ; b[6]      ; y[4]    ; n/a          ; n/a         ; 9.000        ; 0.000      ; 10.953     ;
; -1.895 ; b[8]      ; y[4]    ; n/a          ; n/a         ; 9.000        ; 0.000      ; 10.895     ;
; -1.856 ; a[21]     ; y[4]    ; n/a          ; n/a         ; 9.000        ; 0.000      ; 10.856     ;
; -1.850 ; b[2]      ; y[4]    ; n/a          ; n/a         ; 9.000        ; 0.000      ; 10.850     ;
; -1.807 ; b[22]     ; y[4]    ; n/a          ; n/a         ; 9.000        ; 0.000      ; 10.807     ;
; -1.801 ; a[23]     ; y[4]    ; n/a          ; n/a         ; 9.000        ; 0.000      ; 10.801     ;
; -1.797 ; b[24]     ; y[4]    ; n/a          ; n/a         ; 9.000        ; 0.000      ; 10.797     ;
; -1.794 ; b[3]      ; y[4]    ; n/a          ; n/a         ; 9.000        ; 0.000      ; 10.794     ;
; -1.778 ; a[17]     ; y[4]    ; n/a          ; n/a         ; 9.000        ; 0.000      ; 10.778     ;
; -1.776 ; a[4]      ; y[4]    ; n/a          ; n/a         ; 9.000        ; 0.000      ; 10.776     ;
; -1.768 ; a[20]     ; y[4]    ; n/a          ; n/a         ; 9.000        ; 0.000      ; 10.768     ;
; -1.767 ; a[5]      ; y[4]    ; n/a          ; n/a         ; 9.000        ; 0.000      ; 10.767     ;
; -1.705 ; b[14]     ; y[3]    ; n/a          ; n/a         ; 9.000        ; 0.000      ; 10.705     ;
; -1.697 ; b[21]     ; y[4]    ; n/a          ; n/a         ; 9.000        ; 0.000      ; 10.697     ;
; -1.688 ; a[16]     ; y[4]    ; n/a          ; n/a         ; 9.000        ; 0.000      ; 10.688     ;
; -1.674 ; b[15]     ; y[4]    ; n/a          ; n/a         ; 9.000        ; 0.000      ; 10.674     ;
; -1.671 ; b[23]     ; y[4]    ; n/a          ; n/a         ; 9.000        ; 0.000      ; 10.671     ;
; -1.658 ; b[17]     ; y[4]    ; n/a          ; n/a         ; 9.000        ; 0.000      ; 10.658     ;
; -1.657 ; a[9]      ; y[3]    ; n/a          ; n/a         ; 9.000        ; 0.000      ; 10.657     ;
; -1.642 ; a[3]      ; y[4]    ; n/a          ; n/a         ; 9.000        ; 0.000      ; 10.642     ;
; -1.633 ; b[20]     ; y[4]    ; n/a          ; n/a         ; 9.000        ; 0.000      ; 10.633     ;
; -1.623 ; b[7]      ; y[4]    ; n/a          ; n/a         ; 9.000        ; 0.000      ; 10.623     ;
; -1.623 ; a[7]      ; y[3]    ; n/a          ; n/a         ; 9.000        ; 0.000      ; 10.623     ;
; -1.619 ; a[8]      ; y[3]    ; n/a          ; n/a         ; 9.000        ; 0.000      ; 10.619     ;
; -1.578 ; a[6]      ; y[3]    ; n/a          ; n/a         ; 9.000        ; 0.000      ; 10.578     ;
; -1.577 ; a[14]     ; y[3]    ; n/a          ; n/a         ; 9.000        ; 0.000      ; 10.577     ;
; -1.569 ; a[2]      ; y[4]    ; n/a          ; n/a         ; 9.000        ; 0.000      ; 10.569     ;
; -1.561 ; b[9]      ; y[3]    ; n/a          ; n/a         ; 9.000        ; 0.000      ; 10.561     ;
; -1.557 ; a[15]     ; y[3]    ; n/a          ; n/a         ; 9.000        ; 0.000      ; 10.557     ;
; -1.551 ; b[16]     ; y[3]    ; n/a          ; n/a         ; 9.000        ; 0.000      ; 10.551     ;
; -1.532 ; b[6]      ; y[3]    ; n/a          ; n/a         ; 9.000        ; 0.000      ; 10.532     ;
; -1.511 ; a[21]     ; y[3]    ; n/a          ; n/a         ; 9.000        ; 0.000      ; 10.511     ;
; -1.505 ; b[4]      ; y[4]    ; n/a          ; n/a         ; 9.000        ; 0.000      ; 10.505     ;
; -1.503 ; a[24]     ; y[4]    ; n/a          ; n/a         ; 9.000        ; 0.000      ; 10.503     ;
; -1.492 ; b[18]     ; y[4]    ; n/a          ; n/a         ; 9.000        ; 0.000      ; 10.492     ;
; -1.474 ; b[8]      ; y[3]    ; n/a          ; n/a         ; 9.000        ; 0.000      ; 10.474     ;
; -1.462 ; b[22]     ; y[3]    ; n/a          ; n/a         ; 9.000        ; 0.000      ; 10.462     ;
; -1.456 ; a[23]     ; y[3]    ; n/a          ; n/a         ; 9.000        ; 0.000      ; 10.456     ;
; -1.452 ; b[24]     ; y[3]    ; n/a          ; n/a         ; 9.000        ; 0.000      ; 10.452     ;
; -1.448 ; b[5]      ; y[4]    ; n/a          ; n/a         ; 9.000        ; 0.000      ; 10.448     ;
; -1.429 ; b[2]      ; y[3]    ; n/a          ; n/a         ; 9.000        ; 0.000      ; 10.429     ;
; -1.423 ; a[20]     ; y[3]    ; n/a          ; n/a         ; 9.000        ; 0.000      ; 10.423     ;
; -1.373 ; b[3]      ; y[3]    ; n/a          ; n/a         ; 9.000        ; 0.000      ; 10.373     ;
; -1.358 ; b[14]     ; y[2]    ; n/a          ; n/a         ; 9.000        ; 0.000      ; 10.358     ;
; -1.356 ; a[17]     ; y[3]    ; n/a          ; n/a         ; 9.000        ; 0.000      ; 10.356     ;
; -1.355 ; a[4]      ; y[3]    ; n/a          ; n/a         ; 9.000        ; 0.000      ; 10.355     ;
; -1.352 ; b[21]     ; y[3]    ; n/a          ; n/a         ; 9.000        ; 0.000      ; 10.352     ;
; -1.350 ; a[18]     ; y[4]    ; n/a          ; n/a         ; 9.000        ; 0.000      ; 10.350     ;
; -1.346 ; a[5]      ; y[3]    ; n/a          ; n/a         ; 9.000        ; 0.000      ; 10.346     ;
; -1.341 ; a[19]     ; y[4]    ; n/a          ; n/a         ; 9.000        ; 0.000      ; 10.341     ;
; -1.326 ; b[23]     ; y[3]    ; n/a          ; n/a         ; 9.000        ; 0.000      ; 10.326     ;
; -1.314 ; a[22]     ; y[4]    ; n/a          ; n/a         ; 9.000        ; 0.000      ; 10.314     ;
; -1.288 ; b[20]     ; y[3]    ; n/a          ; n/a         ; 9.000        ; 0.000      ; 10.288     ;
; -1.266 ; a[16]     ; y[3]    ; n/a          ; n/a         ; 9.000        ; 0.000      ; 10.266     ;
; -1.265 ; a[21]     ; y[2]    ; n/a          ; n/a         ; 9.000        ; 0.000      ; 10.265     ;
; -1.252 ; b[15]     ; y[3]    ; n/a          ; n/a         ; 9.000        ; 0.000      ; 10.252     ;
; -1.239 ; a[12]     ; y[4]    ; n/a          ; n/a         ; 9.000        ; 0.000      ; 10.239     ;
; -1.236 ; b[17]     ; y[3]    ; n/a          ; n/a         ; 9.000        ; 0.000      ; 10.236     ;
; -1.230 ; a[14]     ; y[2]    ; n/a          ; n/a         ; 9.000        ; 0.000      ; 10.230     ;
; -1.224 ; a[7]      ; y[2]    ; n/a          ; n/a         ; 9.000        ; 0.000      ; 10.224     ;
; -1.221 ; a[3]      ; y[3]    ; n/a          ; n/a         ; 9.000        ; 0.000      ; 10.221     ;
; -1.216 ; b[22]     ; y[2]    ; n/a          ; n/a         ; 9.000        ; 0.000      ; 10.216     ;
; -1.210 ; a[15]     ; y[2]    ; n/a          ; n/a         ; 9.000        ; 0.000      ; 10.210     ;
; -1.210 ; a[23]     ; y[2]    ; n/a          ; n/a         ; 9.000        ; 0.000      ; 10.210     ;
; -1.206 ; b[24]     ; y[2]    ; n/a          ; n/a         ; 9.000        ; 0.000      ; 10.206     ;
; -1.204 ; b[16]     ; y[2]    ; n/a          ; n/a         ; 9.000        ; 0.000      ; 10.204     ;
; -1.202 ; b[7]      ; y[3]    ; n/a          ; n/a         ; 9.000        ; 0.000      ; 10.202     ;
; -1.180 ; a[13]     ; y[4]    ; n/a          ; n/a         ; 9.000        ; 0.000      ; 10.180     ;
; -1.177 ; a[20]     ; y[2]    ; n/a          ; n/a         ; 9.000        ; 0.000      ; 10.177     ;
; -1.171 ; a[6]      ; y[2]    ; n/a          ; n/a         ; 9.000        ; 0.000      ; 10.171     ;
; -1.169 ; b[18]     ; y[3]    ; n/a          ; n/a         ; 9.000        ; 0.000      ; 10.169     ;
; -1.158 ; a[24]     ; y[3]    ; n/a          ; n/a         ; 9.000        ; 0.000      ; 10.158     ;
; -1.148 ; a[2]      ; y[3]    ; n/a          ; n/a         ; 9.000        ; 0.000      ; 10.148     ;
; -1.129 ; b[6]      ; y[2]    ; n/a          ; n/a         ; 9.000        ; 0.000      ; 10.129     ;
; -1.111 ; a[9]      ; y[2]    ; n/a          ; n/a         ; 9.000        ; 0.000      ; 10.111     ;
; -1.107 ; b[13]     ; y[4]    ; n/a          ; n/a         ; 9.000        ; 0.000      ; 10.107     ;
; -1.106 ; b[21]     ; y[2]    ; n/a          ; n/a         ; 9.000        ; 0.000      ; 10.106     ;
; -1.084 ; b[4]      ; y[3]    ; n/a          ; n/a         ; 9.000        ; 0.000      ; 10.084     ;
; -1.080 ; b[23]     ; y[2]    ; n/a          ; n/a         ; 9.000        ; 0.000      ; 10.080     ;
; -1.075 ; b[19]     ; y[4]    ; n/a          ; n/a         ; 9.000        ; 0.000      ; 10.075     ;
; -1.073 ; a[8]      ; y[2]    ; n/a          ; n/a         ; 9.000        ; 0.000      ; 10.073     ;
; -1.057 ; b[2]      ; y[2]    ; n/a          ; n/a         ; 9.000        ; 0.000      ; 10.057     ;
; -1.042 ; b[20]     ; y[2]    ; n/a          ; n/a         ; 9.000        ; 0.000      ; 10.042     ;
; -1.027 ; a[7]      ; y[1]    ; n/a          ; n/a         ; 9.000        ; 0.000      ; 10.027     ;
; -1.027 ; b[5]      ; y[3]    ; n/a          ; n/a         ; 9.000        ; 0.000      ; 10.027     ;
; -1.025 ; b[14]     ; y[1]    ; n/a          ; n/a         ; 9.000        ; 0.000      ; 10.025     ;
; -1.015 ; b[9]      ; y[2]    ; n/a          ; n/a         ; 9.000        ; 0.000      ; 10.015     ;
; -1.009 ; a[17]     ; y[2]    ; n/a          ; n/a         ; 9.000        ; 0.000      ; 10.009     ;
; -1.005 ; a[18]     ; y[3]    ; n/a          ; n/a         ; 9.000        ; 0.000      ; 10.005     ;
; -0.997 ; b[3]      ; y[2]    ; n/a          ; n/a         ; 9.000        ; 0.000      ; 9.997      ;
; -0.996 ; a[19]     ; y[3]    ; n/a          ; n/a         ; 9.000        ; 0.000      ; 9.996      ;
+--------+-----------+---------+--------------+-------------+--------------+------------+------------+


----------------------------------------------
; Slow 1200mV 0C Model Metastability Summary ;
----------------------------------------------
No synchronizer chains to report.


+------------------------------------+
; Fast 1200mV 0C Model Setup Summary ;
+-------+-------+--------------------+
; Clock ; Slack ; End Point TNS      ;
+-------+-------+--------------------+
; n/a   ; 2.424 ; 0.000              ;
+-------+-------+--------------------+


-------------------------------------
; Fast 1200mV 0C Model Hold Summary ;
-------------------------------------
No paths to report.


-----------------------------------------
; Fast 1200mV 0C Model Recovery Summary ;
-----------------------------------------
No paths to report.


----------------------------------------
; Fast 1200mV 0C Model Removal Summary ;
----------------------------------------
No paths to report.


----------------------------------------------------
; Fast 1200mV 0C Model Minimum Pulse Width Summary ;
----------------------------------------------------
No paths to report.


+---------------------------------------------------------------------------------------------------+
; Fast 1200mV 0C Model Setup: 'n/a'                                                                 ;
+-------+-----------+---------+--------------+-------------+--------------+------------+------------+
; Slack ; From Node ; To Node ; Launch Clock ; Latch Clock ; Relationship ; Clock Skew ; Data Delay ;
+-------+-----------+---------+--------------+-------------+--------------+------------+------------+
; 2.424 ; a[6]      ; y[4]    ; n/a          ; n/a         ; 9.000        ; 0.000      ; 6.576      ;
; 2.438 ; a[9]      ; y[4]    ; n/a          ; n/a         ; 9.000        ; 0.000      ; 6.562      ;
; 2.468 ; a[8]      ; y[4]    ; n/a          ; n/a         ; 9.000        ; 0.000      ; 6.532      ;
; 2.473 ; a[7]      ; y[4]    ; n/a          ; n/a         ; 9.000        ; 0.000      ; 6.527      ;
; 2.484 ; b[6]      ; y[4]    ; n/a          ; n/a         ; 9.000        ; 0.000      ; 6.516      ;
; 2.509 ; b[9]      ; y[4]    ; n/a          ; n/a         ; 9.000        ; 0.000      ; 6.491      ;
; 2.533 ; b[14]     ; y[4]    ; n/a          ; n/a         ; 9.000        ; 0.000      ; 6.467      ;
; 2.534 ; b[8]      ; y[4]    ; n/a          ; n/a         ; 9.000        ; 0.000      ; 6.466      ;
; 2.550 ; b[2]      ; y[4]    ; n/a          ; n/a         ; 9.000        ; 0.000      ; 6.450      ;
; 2.584 ; b[3]      ; y[4]    ; n/a          ; n/a         ; 9.000        ; 0.000      ; 6.416      ;
; 2.595 ; a[5]      ; y[4]    ; n/a          ; n/a         ; 9.000        ; 0.000      ; 6.405      ;
; 2.598 ; a[4]      ; y[4]    ; n/a          ; n/a         ; 9.000        ; 0.000      ; 6.402      ;
; 2.606 ; a[14]     ; y[4]    ; n/a          ; n/a         ; 9.000        ; 0.000      ; 6.394      ;
; 2.654 ; a[6]      ; y[3]    ; n/a          ; n/a         ; 9.000        ; 0.000      ; 6.346      ;
; 2.659 ; a[15]     ; y[4]    ; n/a          ; n/a         ; 9.000        ; 0.000      ; 6.341      ;
; 2.663 ; b[22]     ; y[4]    ; n/a          ; n/a         ; 9.000        ; 0.000      ; 6.337      ;
; 2.668 ; a[9]      ; y[3]    ; n/a          ; n/a         ; 9.000        ; 0.000      ; 6.332      ;
; 2.677 ; a[3]      ; y[4]    ; n/a          ; n/a         ; 9.000        ; 0.000      ; 6.323      ;
; 2.698 ; b[7]      ; y[4]    ; n/a          ; n/a         ; 9.000        ; 0.000      ; 6.302      ;
; 2.698 ; a[8]      ; y[3]    ; n/a          ; n/a         ; 9.000        ; 0.000      ; 6.302      ;
; 2.703 ; a[7]      ; y[3]    ; n/a          ; n/a         ; 9.000        ; 0.000      ; 6.297      ;
; 2.706 ; a[20]     ; y[4]    ; n/a          ; n/a         ; 9.000        ; 0.000      ; 6.294      ;
; 2.708 ; a[2]      ; y[4]    ; n/a          ; n/a         ; 9.000        ; 0.000      ; 6.292      ;
; 2.714 ; b[6]      ; y[3]    ; n/a          ; n/a         ; 9.000        ; 0.000      ; 6.286      ;
; 2.720 ; a[23]     ; y[4]    ; n/a          ; n/a         ; 9.000        ; 0.000      ; 6.280      ;
; 2.722 ; b[14]     ; y[3]    ; n/a          ; n/a         ; 9.000        ; 0.000      ; 6.278      ;
; 2.724 ; b[24]     ; y[4]    ; n/a          ; n/a         ; 9.000        ; 0.000      ; 6.276      ;
; 2.739 ; b[9]      ; y[3]    ; n/a          ; n/a         ; 9.000        ; 0.000      ; 6.261      ;
; 2.741 ; b[4]      ; y[4]    ; n/a          ; n/a         ; 9.000        ; 0.000      ; 6.259      ;
; 2.742 ; b[16]     ; y[4]    ; n/a          ; n/a         ; 9.000        ; 0.000      ; 6.258      ;
; 2.764 ; b[8]      ; y[3]    ; n/a          ; n/a         ; 9.000        ; 0.000      ; 6.236      ;
; 2.778 ; b[2]      ; y[3]    ; n/a          ; n/a         ; 9.000        ; 0.000      ; 6.222      ;
; 2.778 ; a[17]     ; y[4]    ; n/a          ; n/a         ; 9.000        ; 0.000      ; 6.222      ;
; 2.778 ; a[5]      ; y[3]    ; n/a          ; n/a         ; 9.000        ; 0.000      ; 6.222      ;
; 2.788 ; b[23]     ; y[4]    ; n/a          ; n/a         ; 9.000        ; 0.000      ; 6.212      ;
; 2.792 ; a[4]      ; y[3]    ; n/a          ; n/a         ; 9.000        ; 0.000      ; 6.208      ;
; 2.795 ; b[5]      ; y[4]    ; n/a          ; n/a         ; 9.000        ; 0.000      ; 6.205      ;
; 2.795 ; a[14]     ; y[3]    ; n/a          ; n/a         ; 9.000        ; 0.000      ; 6.205      ;
; 2.804 ; a[21]     ; y[4]    ; n/a          ; n/a         ; 9.000        ; 0.000      ; 6.196      ;
; 2.804 ; b[3]      ; y[3]    ; n/a          ; n/a         ; 9.000        ; 0.000      ; 6.196      ;
; 2.810 ; b[22]     ; y[3]    ; n/a          ; n/a         ; 9.000        ; 0.000      ; 6.190      ;
; 2.829 ; b[20]     ; y[4]    ; n/a          ; n/a         ; 9.000        ; 0.000      ; 6.171      ;
; 2.835 ; b[15]     ; y[4]    ; n/a          ; n/a         ; 9.000        ; 0.000      ; 6.165      ;
; 2.836 ; a[20]     ; y[3]    ; n/a          ; n/a         ; 9.000        ; 0.000      ; 6.164      ;
; 2.843 ; a[15]     ; y[3]    ; n/a          ; n/a         ; 9.000        ; 0.000      ; 6.157      ;
; 2.844 ; b[17]     ; y[4]    ; n/a          ; n/a         ; 9.000        ; 0.000      ; 6.156      ;
; 2.848 ; b[14]     ; y[2]    ; n/a          ; n/a         ; 9.000        ; 0.000      ; 6.152      ;
; 2.856 ; a[16]     ; y[4]    ; n/a          ; n/a         ; 9.000        ; 0.000      ; 6.144      ;
; 2.859 ; a[6]      ; y[2]    ; n/a          ; n/a         ; 9.000        ; 0.000      ; 6.141      ;
; 2.861 ; a[23]     ; y[3]    ; n/a          ; n/a         ; 9.000        ; 0.000      ; 6.139      ;
; 2.865 ; b[24]     ; y[3]    ; n/a          ; n/a         ; 9.000        ; 0.000      ; 6.135      ;
; 2.870 ; a[18]     ; y[4]    ; n/a          ; n/a         ; 9.000        ; 0.000      ; 6.130      ;
; 2.873 ; a[9]      ; y[2]    ; n/a          ; n/a         ; 9.000        ; 0.000      ; 6.127      ;
; 2.876 ; a[24]     ; y[4]    ; n/a          ; n/a         ; 9.000        ; 0.000      ; 6.124      ;
; 2.881 ; b[21]     ; y[4]    ; n/a          ; n/a         ; 9.000        ; 0.000      ; 6.119      ;
; 2.902 ; a[3]      ; y[3]    ; n/a          ; n/a         ; 9.000        ; 0.000      ; 6.098      ;
; 2.903 ; a[8]      ; y[2]    ; n/a          ; n/a         ; 9.000        ; 0.000      ; 6.097      ;
; 2.908 ; a[7]      ; y[2]    ; n/a          ; n/a         ; 9.000        ; 0.000      ; 6.092      ;
; 2.918 ; b[16]     ; y[3]    ; n/a          ; n/a         ; 9.000        ; 0.000      ; 6.082      ;
; 2.919 ; b[6]      ; y[2]    ; n/a          ; n/a         ; 9.000        ; 0.000      ; 6.081      ;
; 2.921 ; a[14]     ; y[2]    ; n/a          ; n/a         ; 9.000        ; 0.000      ; 6.079      ;
; 2.923 ; b[7]      ; y[3]    ; n/a          ; n/a         ; 9.000        ; 0.000      ; 6.077      ;
; 2.923 ; b[4]      ; y[3]    ; n/a          ; n/a         ; 9.000        ; 0.000      ; 6.077      ;
; 2.927 ; a[2]      ; y[3]    ; n/a          ; n/a         ; 9.000        ; 0.000      ; 6.073      ;
; 2.927 ; a[21]     ; y[3]    ; n/a          ; n/a         ; 9.000        ; 0.000      ; 6.073      ;
; 2.929 ; b[23]     ; y[3]    ; n/a          ; n/a         ; 9.000        ; 0.000      ; 6.071      ;
; 2.935 ; b[22]     ; y[2]    ; n/a          ; n/a         ; 9.000        ; 0.000      ; 6.065      ;
; 2.944 ; b[9]      ; y[2]    ; n/a          ; n/a         ; 9.000        ; 0.000      ; 6.056      ;
; 2.948 ; a[17]     ; y[3]    ; n/a          ; n/a         ; 9.000        ; 0.000      ; 6.052      ;
; 2.953 ; a[6]      ; y[1]    ; n/a          ; n/a         ; 9.000        ; 0.000      ; 6.047      ;
; 2.955 ; b[20]     ; y[3]    ; n/a          ; n/a         ; 9.000        ; 0.000      ; 6.045      ;
; 2.961 ; a[20]     ; y[2]    ; n/a          ; n/a         ; 9.000        ; 0.000      ; 6.039      ;
; 2.968 ; a[22]     ; y[4]    ; n/a          ; n/a         ; 9.000        ; 0.000      ; 6.032      ;
; 2.968 ; b[18]     ; y[4]    ; n/a          ; n/a         ; 9.000        ; 0.000      ; 6.032      ;
; 2.969 ; b[8]      ; y[2]    ; n/a          ; n/a         ; 9.000        ; 0.000      ; 6.031      ;
; 2.969 ; a[15]     ; y[2]    ; n/a          ; n/a         ; 9.000        ; 0.000      ; 6.031      ;
; 2.985 ; b[2]      ; y[2]    ; n/a          ; n/a         ; 9.000        ; 0.000      ; 6.015      ;
; 2.986 ; a[23]     ; y[2]    ; n/a          ; n/a         ; 9.000        ; 0.000      ; 6.014      ;
; 2.990 ; b[24]     ; y[2]    ; n/a          ; n/a         ; 9.000        ; 0.000      ; 6.010      ;
; 2.992 ; a[12]     ; y[4]    ; n/a          ; n/a         ; 9.000        ; 0.000      ; 6.008      ;
; 2.992 ; b[5]      ; y[3]    ; n/a          ; n/a         ; 9.000        ; 0.000      ; 6.008      ;
; 2.995 ; a[5]      ; y[2]    ; n/a          ; n/a         ; 9.000        ; 0.000      ; 6.005      ;
; 3.002 ; a[7]      ; y[1]    ; n/a          ; n/a         ; 9.000        ; 0.000      ; 5.998      ;
; 3.006 ; a[13]     ; y[4]    ; n/a          ; n/a         ; 9.000        ; 0.000      ; 5.994      ;
; 3.009 ; a[4]      ; y[2]    ; n/a          ; n/a         ; 9.000        ; 0.000      ; 5.991      ;
; 3.010 ; b[17]     ; y[3]    ; n/a          ; n/a         ; 9.000        ; 0.000      ; 5.990      ;
; 3.011 ; b[21]     ; y[3]    ; n/a          ; n/a         ; 9.000        ; 0.000      ; 5.989      ;
; 3.013 ; b[6]      ; y[1]    ; n/a          ; n/a         ; 9.000        ; 0.000      ; 5.987      ;
; 3.017 ; b[15]     ; y[3]    ; n/a          ; n/a         ; 9.000        ; 0.000      ; 5.983      ;
; 3.017 ; a[24]     ; y[3]    ; n/a          ; n/a         ; 9.000        ; 0.000      ; 5.983      ;
; 3.019 ; b[3]      ; y[2]    ; n/a          ; n/a         ; 9.000        ; 0.000      ; 5.981      ;
; 3.029 ; a[18]     ; y[3]    ; n/a          ; n/a         ; 9.000        ; 0.000      ; 5.971      ;
; 3.039 ; a[19]     ; y[4]    ; n/a          ; n/a         ; 9.000        ; 0.000      ; 5.961      ;
; 3.040 ; a[9]      ; y[1]    ; n/a          ; n/a         ; 9.000        ; 0.000      ; 5.960      ;
; 3.044 ; b[16]     ; y[2]    ; n/a          ; n/a         ; 9.000        ; 0.000      ; 5.956      ;
; 3.052 ; b[14]     ; y[1]    ; n/a          ; n/a         ; 9.000        ; 0.000      ; 5.948      ;
; 3.052 ; a[21]     ; y[2]    ; n/a          ; n/a         ; 9.000        ; 0.000      ; 5.948      ;
; 3.054 ; b[23]     ; y[2]    ; n/a          ; n/a         ; 9.000        ; 0.000      ; 5.946      ;
; 3.057 ; b[13]     ; y[4]    ; n/a          ; n/a         ; 9.000        ; 0.000      ; 5.943      ;
; 3.058 ; a[16]     ; y[3]    ; n/a          ; n/a         ; 9.000        ; 0.000      ; 5.942      ;
+-------+-----------+---------+--------------+-------------+--------------+------------+------------+


----------------------------------------------
; Fast 1200mV 0C Model Metastability Summary ;
----------------------------------------------
No synchronizer chains to report.


+------------------------------------------------------------------------------+
; Multicorner Timing Analysis Summary                                          ;
+------------------+---------+------+----------+---------+---------------------+
; Clock            ; Setup   ; Hold ; Recovery ; Removal ; Minimum Pulse Width ;
+------------------+---------+------+----------+---------+---------------------+
; Worst-case Slack ; -3.307  ; N/A  ; N/A      ; N/A     ; N/A                 ;
;  n/a             ; -3.307  ; N/A  ; N/A      ; N/A     ; N/A                 ;
; Design-wide TNS  ; -12.053 ; 0.0  ; 0.0      ; 0.0     ; 0.0                 ;
;  n/a             ; -12.053 ; N/A  ; N/A      ; N/A     ; N/A                 ;
+------------------+---------+------+----------+---------+---------------------+


+------------------------------------------------------------------------------------------------------------------------------------------------------------------------------------------------------------------------------------------------------------------------------------------------------------------------------------------------------------------------------------------------------------------+
; Board Trace Model Assignments                                                                                                                                                                                                                                                                                                                                                                                    ;
+---------------+--------------+-------------------+-------------------------+-------------------------+---------------+---------------------+----------------+------------------+--------+------------------+------------------------+------------------------+--------------+---------------+-----------------+-------+---------------------+--------------------+---------------+-----------------+-------------+
; Pin           ; I/O Standard ; Near Tline Length ; Near Tline L per Length ; Near Tline C per Length ; Near Series R ; Near Differential R ; Near Pull-up R ; Near Pull-down R ; Near C ; Far Tline Length ; Far Tline L per Length ; Far Tline C per Length ; Far Series R ; Far Pull-up R ; Far Pull-down R ; Far C ; Termination Voltage ; Far Differential R ; EBD File Name ; EBD Signal Name ; EBD Far-end ;
+---------------+--------------+-------------------+-------------------------+-------------------------+---------------+---------------------+----------------+------------------+--------+------------------+------------------------+------------------------+--------------+---------------+-----------------+-------+---------------------+--------------------+---------------+-----------------+-------------+
; y[0]          ; 2.5 V        ; 0 in              ; 0 H/in                  ; 0 F/in                  ; short         ; -                   ; open           ; open             ; open   ; 0 in             ; 0 H/in                 ; 0 F/in                 ; short        ; open          ; open            ; open  ; 0 V                 ; -                  ; n/a           ; n/a             ; n/a         ;
; y[1]          ; 2.5 V        ; 0 in              ; 0 H/in                  ; 0 F/in                  ; short         ; -                   ; open           ; open             ; open   ; 0 in             ; 0 H/in                 ; 0 F/in                 ; short        ; open          ; open            ; open  ; 0 V                 ; -                  ; n/a           ; n/a             ; n/a         ;
; y[2]          ; 2.5 V        ; 0 in              ; 0 H/in                  ; 0 F/in                  ; short         ; -                   ; open           ; open             ; open   ; 0 in             ; 0 H/in                 ; 0 F/in                 ; short        ; open          ; open            ; open  ; 0 V                 ; -                  ; n/a           ; n/a             ; n/a         ;
; y[3]          ; 2.5 V        ; 0 in              ; 0 H/in                  ; 0 F/in                  ; short         ; -                   ; open           ; open             ; open   ; 0 in             ; 0 H/in                 ; 0 F/in                 ; short        ; open          ; open            ; open  ; 0 V                 ; -                  ; n/a           ; n/a             ; n/a         ;
; y[4]          ; 2.5 V        ; 0 in              ; 0 H/in                  ; 0 F/in                  ; short         ; -                   ; open           ; open             ; open   ; 0 in             ; 0 H/in                 ; 0 F/in                 ; short        ; open          ; open            ; open  ; 0 V                 ; -                  ; n/a           ; n/a             ; n/a         ;
; ~ALTERA_DCLK~ ; 2.5 V        ; 0 in              ; 0 H/in                  ; 0 F/in                  ; short         ; -                   ; open           ; open             ; open   ; 0 in             ; 0 H/in                 ; 0 F/in                 ; short        ; open          ; open            ; open  ; 0 V                 ; -                  ; n/a           ; n/a             ; n/a         ;
; ~ALTERA_nCEO~ ; 2.5 V        ; 0 in              ; 0 H/in                  ; 0 F/in                  ; short         ; -                   ; open           ; open             ; open   ; 0 in             ; 0 H/in                 ; 0 F/in                 ; short        ; open          ; open            ; open  ; 0 V                 ; -                  ; n/a           ; n/a             ; n/a         ;
+---------------+--------------+-------------------+-------------------------+-------------------------+---------------+---------------------+----------------+------------------+--------+------------------+------------------------+------------------------+--------------+---------------+-----------------+-------+---------------------+--------------------+---------------+-----------------+-------------+


+----------------------------------------------------------------------------+
; Input Transition Times                                                     ;
+-------------------------+--------------+-----------------+-----------------+
; Pin                     ; I/O Standard ; 10-90 Rise Time ; 90-10 Fall Time ;
+-------------------------+--------------+-----------------+-----------------+
; a[8]                    ; 2.5 V        ; 2000 ps         ; 2000 ps         ;
; b[8]                    ; 2.5 V        ; 2000 ps         ; 2000 ps         ;
; a[9]                    ; 2.5 V        ; 2000 ps         ; 2000 ps         ;
; b[9]                    ; 2.5 V        ; 2000 ps         ; 2000 ps         ;
; a[6]                    ; 2.5 V        ; 2000 ps         ; 2000 ps         ;
; b[6]                    ; 2.5 V        ; 2000 ps         ; 2000 ps         ;
; a[7]                    ; 2.5 V        ; 2000 ps         ; 2000 ps         ;
; b[7]                    ; 2.5 V        ; 2000 ps         ; 2000 ps         ;
; a[4]                    ; 2.5 V        ; 2000 ps         ; 2000 ps         ;
; b[4]                    ; 2.5 V        ; 2000 ps         ; 2000 ps         ;
; a[5]                    ; 2.5 V        ; 2000 ps         ; 2000 ps         ;
; b[5]                    ; 2.5 V        ; 2000 ps         ; 2000 ps         ;
; a[2]                    ; 2.5 V        ; 2000 ps         ; 2000 ps         ;
; b[2]                    ; 2.5 V        ; 2000 ps         ; 2000 ps         ;
; a[3]                    ; 2.5 V        ; 2000 ps         ; 2000 ps         ;
; b[3]                    ; 2.5 V        ; 2000 ps         ; 2000 ps         ;
; a[0]                    ; 2.5 V        ; 2000 ps         ; 2000 ps         ;
; b[0]                    ; 2.5 V        ; 2000 ps         ; 2000 ps         ;
; a[1]                    ; 2.5 V        ; 2000 ps         ; 2000 ps         ;
; b[1]                    ; 2.5 V        ; 2000 ps         ; 2000 ps         ;
; a[10]                   ; 2.5 V        ; 2000 ps         ; 2000 ps         ;
; b[10]                   ; 2.5 V        ; 2000 ps         ; 2000 ps         ;
; a[11]                   ; 2.5 V        ; 2000 ps         ; 2000 ps         ;
; b[11]                   ; 2.5 V        ; 2000 ps         ; 2000 ps         ;
; a[16]                   ; 2.5 V        ; 2000 ps         ; 2000 ps         ;
; b[16]                   ; 2.5 V        ; 2000 ps         ; 2000 ps         ;
; a[17]                   ; 2.5 V        ; 2000 ps         ; 2000 ps         ;
; b[17]                   ; 2.5 V        ; 2000 ps         ; 2000 ps         ;
; a[14]                   ; 2.5 V        ; 2000 ps         ; 2000 ps         ;
; b[14]                   ; 2.5 V        ; 2000 ps         ; 2000 ps         ;
; a[15]                   ; 2.5 V        ; 2000 ps         ; 2000 ps         ;
; b[15]                   ; 2.5 V        ; 2000 ps         ; 2000 ps         ;
; a[12]                   ; 2.5 V        ; 2000 ps         ; 2000 ps         ;
; b[12]                   ; 2.5 V        ; 2000 ps         ; 2000 ps         ;
; a[13]                   ; 2.5 V        ; 2000 ps         ; 2000 ps         ;
; b[13]                   ; 2.5 V        ; 2000 ps         ; 2000 ps         ;
; a[20]                   ; 2.5 V        ; 2000 ps         ; 2000 ps         ;
; b[20]                   ; 2.5 V        ; 2000 ps         ; 2000 ps         ;
; a[21]                   ; 2.5 V        ; 2000 ps         ; 2000 ps         ;
; b[21]                   ; 2.5 V        ; 2000 ps         ; 2000 ps         ;
; a[22]                   ; 2.5 V        ; 2000 ps         ; 2000 ps         ;
; b[22]                   ; 2.5 V        ; 2000 ps         ; 2000 ps         ;
; a[23]                   ; 2.5 V        ; 2000 ps         ; 2000 ps         ;
; b[23]                   ; 2.5 V        ; 2000 ps         ; 2000 ps         ;
; a[24]                   ; 2.5 V        ; 2000 ps         ; 2000 ps         ;
; b[24]                   ; 2.5 V        ; 2000 ps         ; 2000 ps         ;
; a[18]                   ; 2.5 V        ; 2000 ps         ; 2000 ps         ;
; b[18]                   ; 2.5 V        ; 2000 ps         ; 2000 ps         ;
; a[19]                   ; 2.5 V        ; 2000 ps         ; 2000 ps         ;
; b[19]                   ; 2.5 V        ; 2000 ps         ; 2000 ps         ;
; ~ALTERA_ASDO_DATA1~     ; 2.5 V        ; 2000 ps         ; 2000 ps         ;
; ~ALTERA_FLASH_nCE_nCSO~ ; 2.5 V        ; 2000 ps         ; 2000 ps         ;
; ~ALTERA_DATA0~          ; 2.5 V        ; 2000 ps         ; 2000 ps         ;
+-------------------------+--------------+-----------------+-----------------+


+--------------------------------------------------------------------------------------------------------------------------------------------------------------------------------------------------------------------------------------------------------------------------------------------------------------------------------------------------------------------------------------------------------------------------------------------------------------------------------------------------------------------------------------------------------------------------------------------------------------------------------------------------------------------------------------------+
; Signal Integrity Metrics (Slow 1200mv 0c Model)                                                                                                                                                                                                                                                                                                                                                                                                                                                                                                                                                                                                                                            ;
+---------------+--------------+---------------------+---------------------+------------------------------+------------------------------+---------------------+---------------------+--------------------------------------+--------------------------------------+-----------------------------+-----------------------------+----------------------------+----------------------------+-----------------------------+-----------------------------+--------------------+--------------------+-------------------------------------+-------------------------------------+----------------------------+----------------------------+---------------------------+---------------------------+
; Pin           ; I/O Standard ; Board Delay on Rise ; Board Delay on Fall ; Steady State Voh at FPGA Pin ; Steady State Vol at FPGA Pin ; Voh Max at FPGA Pin ; Vol Min at FPGA Pin ; Ringback Voltage on Rise at FPGA Pin ; Ringback Voltage on Fall at FPGA Pin ; 10-90 Rise Time at FPGA Pin ; 90-10 Fall Time at FPGA Pin ; Monotonic Rise at FPGA Pin ; Monotonic Fall at FPGA Pin ; Steady State Voh at Far-end ; Steady State Vol at Far-end ; Voh Max at Far-end ; Vol Min at Far-end ; Ringback Voltage on Rise at Far-end ; Ringback Voltage on Fall at Far-end ; 10-90 Rise Time at Far-end ; 90-10 Fall Time at Far-end ; Monotonic Rise at Far-end ; Monotonic Fall at Far-end ;
+---------------+--------------+---------------------+---------------------+------------------------------+------------------------------+---------------------+---------------------+--------------------------------------+--------------------------------------+-----------------------------+-----------------------------+----------------------------+----------------------------+-----------------------------+-----------------------------+--------------------+--------------------+-------------------------------------+-------------------------------------+----------------------------+----------------------------+---------------------------+---------------------------+
; y[0]          ; 2.5 V        ; 0 s                 ; 0 s                 ; 2.32 V                       ; 4.49e-09 V                   ; 2.38 V              ; -0.00552 V          ; 0.096 V                              ; 0.019 V                              ; 4.18e-10 s                  ; 3.59e-10 s                  ; No                         ; Yes                        ; 2.32 V                      ; 4.49e-09 V                  ; 2.38 V             ; -0.00552 V         ; 0.096 V                             ; 0.019 V                             ; 4.18e-10 s                 ; 3.59e-10 s                 ; No                        ; Yes                       ;
; y[1]          ; 2.5 V        ; 0 s                 ; 0 s                 ; 2.32 V                       ; 4.49e-09 V                   ; 2.38 V              ; -0.00552 V          ; 0.096 V                              ; 0.019 V                              ; 4.18e-10 s                  ; 3.59e-10 s                  ; No                         ; Yes                        ; 2.32 V                      ; 4.49e-09 V                  ; 2.38 V             ; -0.00552 V         ; 0.096 V                             ; 0.019 V                             ; 4.18e-10 s                 ; 3.59e-10 s                 ; No                        ; Yes                       ;
; y[2]          ; 2.5 V        ; 0 s                 ; 0 s                 ; 2.32 V                       ; 3.07e-09 V                   ; 2.38 V              ; -0.0144 V           ; 0.227 V                              ; 0.024 V                              ; 3.14e-10 s                  ; 3.39e-10 s                  ; Yes                        ; Yes                        ; 2.32 V                      ; 3.07e-09 V                  ; 2.38 V             ; -0.0144 V          ; 0.227 V                             ; 0.024 V                             ; 3.14e-10 s                 ; 3.39e-10 s                 ; Yes                       ; Yes                       ;
; y[3]          ; 2.5 V        ; 0 s                 ; 0 s                 ; 2.32 V                       ; 3.07e-09 V                   ; 2.38 V              ; -0.0144 V           ; 0.227 V                              ; 0.024 V                              ; 3.14e-10 s                  ; 3.39e-10 s                  ; Yes                        ; Yes                        ; 2.32 V                      ; 3.07e-09 V                  ; 2.38 V             ; -0.0144 V          ; 0.227 V                             ; 0.024 V                             ; 3.14e-10 s                 ; 3.39e-10 s                 ; Yes                       ; Yes                       ;
; y[4]          ; 2.5 V        ; 0 s                 ; 0 s                 ; 2.32 V                       ; 3.07e-09 V                   ; 2.38 V              ; -0.0144 V           ; 0.227 V                              ; 0.024 V                              ; 3.14e-10 s                  ; 3.39e-10 s                  ; Yes                        ; Yes                        ; 2.32 V                      ; 3.07e-09 V                  ; 2.38 V             ; -0.0144 V          ; 0.227 V                             ; 0.024 V                             ; 3.14e-10 s                 ; 3.39e-10 s                 ; Yes                       ; Yes                       ;
; ~ALTERA_DCLK~ ; 2.5 V        ; 0 s                 ; 0 s                 ; 2.32 V                       ; 2.67e-09 V                   ; 2.38 V              ; -0.0485 V           ; 0.167 V                              ; 0.096 V                              ; 2.95e-10 s                  ; 2.73e-10 s                  ; Yes                        ; Yes                        ; 2.32 V                      ; 2.67e-09 V                  ; 2.38 V             ; -0.0485 V          ; 0.167 V                             ; 0.096 V                             ; 2.95e-10 s                 ; 2.73e-10 s                 ; Yes                       ; Yes                       ;
; ~ALTERA_nCEO~ ; 2.5 V        ; 0 s                 ; 0 s                 ; 2.32 V                       ; 4.18e-09 V                   ; 2.38 V              ; -0.00483 V          ; 0.152 V                              ; 0.012 V                              ; 4.81e-10 s                  ; 6.29e-10 s                  ; Yes                        ; Yes                        ; 2.32 V                      ; 4.18e-09 V                  ; 2.38 V             ; -0.00483 V         ; 0.152 V                             ; 0.012 V                             ; 4.81e-10 s                 ; 6.29e-10 s                 ; Yes                       ; Yes                       ;
+---------------+--------------+---------------------+---------------------+------------------------------+------------------------------+---------------------+---------------------+--------------------------------------+--------------------------------------+-----------------------------+-----------------------------+----------------------------+----------------------------+-----------------------------+-----------------------------+--------------------+--------------------+-------------------------------------+-------------------------------------+----------------------------+----------------------------+---------------------------+---------------------------+


+--------------------------------------------------------------------------------------------------------------------------------------------------------------------------------------------------------------------------------------------------------------------------------------------------------------------------------------------------------------------------------------------------------------------------------------------------------------------------------------------------------------------------------------------------------------------------------------------------------------------------------------------------------------------------------------------+
; Signal Integrity Metrics (Slow 1200mv 85c Model)                                                                                                                                                                                                                                                                                                                                                                                                                                                                                                                                                                                                                                           ;
+---------------+--------------+---------------------+---------------------+------------------------------+------------------------------+---------------------+---------------------+--------------------------------------+--------------------------------------+-----------------------------+-----------------------------+----------------------------+----------------------------+-----------------------------+-----------------------------+--------------------+--------------------+-------------------------------------+-------------------------------------+----------------------------+----------------------------+---------------------------+---------------------------+
; Pin           ; I/O Standard ; Board Delay on Rise ; Board Delay on Fall ; Steady State Voh at FPGA Pin ; Steady State Vol at FPGA Pin ; Voh Max at FPGA Pin ; Vol Min at FPGA Pin ; Ringback Voltage on Rise at FPGA Pin ; Ringback Voltage on Fall at FPGA Pin ; 10-90 Rise Time at FPGA Pin ; 90-10 Fall Time at FPGA Pin ; Monotonic Rise at FPGA Pin ; Monotonic Fall at FPGA Pin ; Steady State Voh at Far-end ; Steady State Vol at Far-end ; Voh Max at Far-end ; Vol Min at Far-end ; Ringback Voltage on Rise at Far-end ; Ringback Voltage on Fall at Far-end ; 10-90 Rise Time at Far-end ; 90-10 Fall Time at Far-end ; Monotonic Rise at Far-end ; Monotonic Fall at Far-end ;
+---------------+--------------+---------------------+---------------------+------------------------------+------------------------------+---------------------+---------------------+--------------------------------------+--------------------------------------+-----------------------------+-----------------------------+----------------------------+----------------------------+-----------------------------+-----------------------------+--------------------+--------------------+-------------------------------------+-------------------------------------+----------------------------+----------------------------+---------------------------+---------------------------+
; y[0]          ; 2.5 V        ; 0 s                 ; 0 s                 ; 2.32 V                       ; 6.92e-07 V                   ; 2.35 V              ; -0.00996 V          ; 0.121 V                              ; 0.03 V                               ; 4.64e-10 s                  ; 4.47e-10 s                  ; Yes                        ; Yes                        ; 2.32 V                      ; 6.92e-07 V                  ; 2.35 V             ; -0.00996 V         ; 0.121 V                             ; 0.03 V                              ; 4.64e-10 s                 ; 4.47e-10 s                 ; Yes                       ; Yes                       ;
; y[1]          ; 2.5 V        ; 0 s                 ; 0 s                 ; 2.32 V                       ; 6.92e-07 V                   ; 2.35 V              ; -0.00996 V          ; 0.121 V                              ; 0.03 V                               ; 4.64e-10 s                  ; 4.47e-10 s                  ; Yes                        ; Yes                        ; 2.32 V                      ; 6.92e-07 V                  ; 2.35 V             ; -0.00996 V         ; 0.121 V                             ; 0.03 V                              ; 4.64e-10 s                 ; 4.47e-10 s                 ; Yes                       ; Yes                       ;
; y[2]          ; 2.5 V        ; 0 s                 ; 0 s                 ; 2.32 V                       ; 4.67e-07 V                   ; 2.36 V              ; -0.00552 V          ; 0.11 V                               ; 0.007 V                              ; 4.54e-10 s                  ; 4.35e-10 s                  ; Yes                        ; Yes                        ; 2.32 V                      ; 4.67e-07 V                  ; 2.36 V             ; -0.00552 V         ; 0.11 V                              ; 0.007 V                             ; 4.54e-10 s                 ; 4.35e-10 s                 ; Yes                       ; Yes                       ;
; y[3]          ; 2.5 V        ; 0 s                 ; 0 s                 ; 2.32 V                       ; 4.67e-07 V                   ; 2.36 V              ; -0.00552 V          ; 0.11 V                               ; 0.007 V                              ; 4.54e-10 s                  ; 4.35e-10 s                  ; Yes                        ; Yes                        ; 2.32 V                      ; 4.67e-07 V                  ; 2.36 V             ; -0.00552 V         ; 0.11 V                              ; 0.007 V                             ; 4.54e-10 s                 ; 4.35e-10 s                 ; Yes                       ; Yes                       ;
; y[4]          ; 2.5 V        ; 0 s                 ; 0 s                 ; 2.32 V                       ; 4.67e-07 V                   ; 2.36 V              ; -0.00552 V          ; 0.11 V                               ; 0.007 V                              ; 4.54e-10 s                  ; 4.35e-10 s                  ; Yes                        ; Yes                        ; 2.32 V                      ; 4.67e-07 V                  ; 2.36 V             ; -0.00552 V         ; 0.11 V                              ; 0.007 V                             ; 4.54e-10 s                 ; 4.35e-10 s                 ; Yes                       ; Yes                       ;
; ~ALTERA_DCLK~ ; 2.5 V        ; 0 s                 ; 0 s                 ; 2.32 V                       ; 3.75e-07 V                   ; 2.35 V              ; -0.0109 V           ; 0.084 V                              ; 0.027 V                              ; 4.31e-10 s                  ; 3.61e-10 s                  ; Yes                        ; Yes                        ; 2.32 V                      ; 3.75e-07 V                  ; 2.35 V             ; -0.0109 V          ; 0.084 V                             ; 0.027 V                             ; 4.31e-10 s                 ; 3.61e-10 s                 ; Yes                       ; Yes                       ;
; ~ALTERA_nCEO~ ; 2.5 V        ; 0 s                 ; 0 s                 ; 2.32 V                       ; 6.15e-07 V                   ; 2.35 V              ; -0.00712 V          ; 0.093 V                              ; 0.02 V                               ; 6.21e-10 s                  ; 7.9e-10 s                   ; Yes                        ; Yes                        ; 2.32 V                      ; 6.15e-07 V                  ; 2.35 V             ; -0.00712 V         ; 0.093 V                             ; 0.02 V                              ; 6.21e-10 s                 ; 7.9e-10 s                  ; Yes                       ; Yes                       ;
+---------------+--------------+---------------------+---------------------+------------------------------+------------------------------+---------------------+---------------------+--------------------------------------+--------------------------------------+-----------------------------+-----------------------------+----------------------------+----------------------------+-----------------------------+-----------------------------+--------------------+--------------------+-------------------------------------+-------------------------------------+----------------------------+----------------------------+---------------------------+---------------------------+


+--------------------------------------------------------------------------------------------------------------------------------------------------------------------------------------------------------------------------------------------------------------------------------------------------------------------------------------------------------------------------------------------------------------------------------------------------------------------------------------------------------------------------------------------------------------------------------------------------------------------------------------------------------------------------------------------+
; Signal Integrity Metrics (Fast 1200mv 0c Model)                                                                                                                                                                                                                                                                                                                                                                                                                                                                                                                                                                                                                                            ;
+---------------+--------------+---------------------+---------------------+------------------------------+------------------------------+---------------------+---------------------+--------------------------------------+--------------------------------------+-----------------------------+-----------------------------+----------------------------+----------------------------+-----------------------------+-----------------------------+--------------------+--------------------+-------------------------------------+-------------------------------------+----------------------------+----------------------------+---------------------------+---------------------------+
; Pin           ; I/O Standard ; Board Delay on Rise ; Board Delay on Fall ; Steady State Voh at FPGA Pin ; Steady State Vol at FPGA Pin ; Voh Max at FPGA Pin ; Vol Min at FPGA Pin ; Ringback Voltage on Rise at FPGA Pin ; Ringback Voltage on Fall at FPGA Pin ; 10-90 Rise Time at FPGA Pin ; 90-10 Fall Time at FPGA Pin ; Monotonic Rise at FPGA Pin ; Monotonic Fall at FPGA Pin ; Steady State Voh at Far-end ; Steady State Vol at Far-end ; Voh Max at Far-end ; Vol Min at Far-end ; Ringback Voltage on Rise at Far-end ; Ringback Voltage on Fall at Far-end ; 10-90 Rise Time at Far-end ; 90-10 Fall Time at Far-end ; Monotonic Rise at Far-end ; Monotonic Fall at Far-end ;
+---------------+--------------+---------------------+---------------------+------------------------------+------------------------------+---------------------+---------------------+--------------------------------------+--------------------------------------+-----------------------------+-----------------------------+----------------------------+----------------------------+-----------------------------+-----------------------------+--------------------+--------------------+-------------------------------------+-------------------------------------+----------------------------+----------------------------+---------------------------+---------------------------+
; y[0]          ; 2.5 V        ; 0 s                 ; 0 s                 ; 2.62 V                       ; 4.05e-08 V                   ; 2.72 V              ; -0.0349 V           ; 0.173 V                              ; 0.1 V                                ; 2.72e-10 s                  ; 2.69e-10 s                  ; Yes                        ; Yes                        ; 2.62 V                      ; 4.05e-08 V                  ; 2.72 V             ; -0.0349 V          ; 0.173 V                             ; 0.1 V                               ; 2.72e-10 s                 ; 2.69e-10 s                 ; Yes                       ; Yes                       ;
; y[1]          ; 2.5 V        ; 0 s                 ; 0 s                 ; 2.62 V                       ; 4.05e-08 V                   ; 2.72 V              ; -0.0349 V           ; 0.173 V                              ; 0.1 V                                ; 2.72e-10 s                  ; 2.69e-10 s                  ; Yes                        ; Yes                        ; 2.62 V                      ; 4.05e-08 V                  ; 2.72 V             ; -0.0349 V          ; 0.173 V                             ; 0.1 V                               ; 2.72e-10 s                 ; 2.69e-10 s                 ; Yes                       ; Yes                       ;
; y[2]          ; 2.5 V        ; 0 s                 ; 0 s                 ; 2.62 V                       ; 2.74e-08 V                   ; 2.73 V              ; -0.0384 V           ; 0.169 V                              ; 0.089 V                              ; 2.7e-10 s                   ; 2.62e-10 s                  ; Yes                        ; Yes                        ; 2.62 V                      ; 2.74e-08 V                  ; 2.73 V             ; -0.0384 V          ; 0.169 V                             ; 0.089 V                             ; 2.7e-10 s                  ; 2.62e-10 s                 ; Yes                       ; Yes                       ;
; y[3]          ; 2.5 V        ; 0 s                 ; 0 s                 ; 2.62 V                       ; 2.74e-08 V                   ; 2.73 V              ; -0.0384 V           ; 0.169 V                              ; 0.089 V                              ; 2.7e-10 s                   ; 2.62e-10 s                  ; Yes                        ; Yes                        ; 2.62 V                      ; 2.74e-08 V                  ; 2.73 V             ; -0.0384 V          ; 0.169 V                             ; 0.089 V                             ; 2.7e-10 s                  ; 2.62e-10 s                 ; Yes                       ; Yes                       ;
; y[4]          ; 2.5 V        ; 0 s                 ; 0 s                 ; 2.62 V                       ; 2.74e-08 V                   ; 2.73 V              ; -0.0384 V           ; 0.169 V                              ; 0.089 V                              ; 2.7e-10 s                   ; 2.62e-10 s                  ; Yes                        ; Yes                        ; 2.62 V                      ; 2.74e-08 V                  ; 2.73 V             ; -0.0384 V          ; 0.169 V                             ; 0.089 V                             ; 2.7e-10 s                  ; 2.62e-10 s                 ; Yes                       ; Yes                       ;
; ~ALTERA_DCLK~ ; 2.5 V        ; 0 s                 ; 0 s                 ; 2.62 V                       ; 2.22e-08 V                   ; 2.74 V              ; -0.06 V             ; 0.158 V                              ; 0.08 V                               ; 2.68e-10 s                  ; 2.19e-10 s                  ; Yes                        ; Yes                        ; 2.62 V                      ; 2.22e-08 V                  ; 2.74 V             ; -0.06 V            ; 0.158 V                             ; 0.08 V                              ; 2.68e-10 s                 ; 2.19e-10 s                 ; Yes                       ; Yes                       ;
; ~ALTERA_nCEO~ ; 2.5 V        ; 0 s                 ; 0 s                 ; 2.62 V                       ; 3.54e-08 V                   ; 2.7 V               ; -0.00943 V          ; 0.276 V                              ; 0.035 V                              ; 3.19e-10 s                  ; 4.99e-10 s                  ; No                         ; Yes                        ; 2.62 V                      ; 3.54e-08 V                  ; 2.7 V              ; -0.00943 V         ; 0.276 V                             ; 0.035 V                             ; 3.19e-10 s                 ; 4.99e-10 s                 ; No                        ; Yes                       ;
+---------------+--------------+---------------------+---------------------+------------------------------+------------------------------+---------------------+---------------------+--------------------------------------+--------------------------------------+-----------------------------+-----------------------------+----------------------------+----------------------------+-----------------------------+-----------------------------+--------------------+--------------------+-------------------------------------+-------------------------------------+----------------------------+----------------------------+---------------------------+---------------------------+


-------------------
; Clock Transfers ;
-------------------
Nothing to report.


---------------
; Report TCCS ;
---------------
No dedicated SERDES Transmitter circuitry present in device or used in design


---------------
; Report RSKM ;
---------------
No non-DPA dedicated SERDES Receiver circuitry present in device or used in design


+------------------------------------------------+
; Unconstrained Paths Summary                    ;
+---------------------------------+-------+------+
; Property                        ; Setup ; Hold ;
+---------------------------------+-------+------+
; Illegal Clocks                  ; 0     ; 0    ;
; Unconstrained Clocks            ; 0     ; 0    ;
; Unconstrained Input Ports       ; 0     ; 50   ;
; Unconstrained Input Port Paths  ; 0     ; 250  ;
; Unconstrained Output Ports      ; 0     ; 5    ;
; Unconstrained Output Port Paths ; 0     ; 250  ;
+---------------------------------+-------+------+


+---------------------------------------------------------------------------------------------------+
; Unconstrained Input Ports                                                                         ;
+------------+--------------------------------------------------------------------------------------+
; Input Port ; Comment                                                                              ;
+------------+--------------------------------------------------------------------------------------+
; a[0]       ; No input delay, min/max delays, false-path exceptions, or max skew assignments found ;
; a[1]       ; No input delay, min/max delays, false-path exceptions, or max skew assignments found ;
; a[2]       ; No input delay, min/max delays, false-path exceptions, or max skew assignments found ;
; a[3]       ; No input delay, min/max delays, false-path exceptions, or max skew assignments found ;
; a[4]       ; No input delay, min/max delays, false-path exceptions, or max skew assignments found ;
; a[5]       ; No input delay, min/max delays, false-path exceptions, or max skew assignments found ;
; a[6]       ; No input delay, min/max delays, false-path exceptions, or max skew assignments found ;
; a[7]       ; No input delay, min/max delays, false-path exceptions, or max skew assignments found ;
; a[8]       ; No input delay, min/max delays, false-path exceptions, or max skew assignments found ;
; a[9]       ; No input delay, min/max delays, false-path exceptions, or max skew assignments found ;
; a[10]      ; No input delay, min/max delays, false-path exceptions, or max skew assignments found ;
; a[11]      ; No input delay, min/max delays, false-path exceptions, or max skew assignments found ;
; a[12]      ; No input delay, min/max delays, false-path exceptions, or max skew assignments found ;
; a[13]      ; No input delay, min/max delays, false-path exceptions, or max skew assignments found ;
; a[14]      ; No input delay, min/max delays, false-path exceptions, or max skew assignments found ;
; a[15]      ; No input delay, min/max delays, false-path exceptions, or max skew assignments found ;
; a[16]      ; No input delay, min/max delays, false-path exceptions, or max skew assignments found ;
; a[17]      ; No input delay, min/max delays, false-path exceptions, or max skew assignments found ;
; a[18]      ; No input delay, min/max delays, false-path exceptions, or max skew assignments found ;
; a[19]      ; No input delay, min/max delays, false-path exceptions, or max skew assignments found ;
; a[20]      ; No input delay, min/max delays, false-path exceptions, or max skew assignments found ;
; a[21]      ; No input delay, min/max delays, false-path exceptions, or max skew assignments found ;
; a[22]      ; No input delay, min/max delays, false-path exceptions, or max skew assignments found ;
; a[23]      ; No input delay, min/max delays, false-path exceptions, or max skew assignments found ;
; a[24]      ; No input delay, min/max delays, false-path exceptions, or max skew assignments found ;
; b[0]       ; No input delay, min/max delays, false-path exceptions, or max skew assignments found ;
; b[1]       ; No input delay, min/max delays, false-path exceptions, or max skew assignments found ;
; b[2]       ; No input delay, min/max delays, false-path exceptions, or max skew assignments found ;
; b[3]       ; No input delay, min/max delays, false-path exceptions, or max skew assignments found ;
; b[4]       ; No input delay, min/max delays, false-path exceptions, or max skew assignments found ;
; b[5]       ; No input delay, min/max delays, false-path exceptions, or max skew assignments found ;
; b[6]       ; No input delay, min/max delays, false-path exceptions, or max skew assignments found ;
; b[7]       ; No input delay, min/max delays, false-path exceptions, or max skew assignments found ;
; b[8]       ; No input delay, min/max delays, false-path exceptions, or max skew assignments found ;
; b[9]       ; No input delay, min/max delays, false-path exceptions, or max skew assignments found ;
; b[10]      ; No input delay, min/max delays, false-path exceptions, or max skew assignments found ;
; b[11]      ; No input delay, min/max delays, false-path exceptions, or max skew assignments found ;
; b[12]      ; No input delay, min/max delays, false-path exceptions, or max skew assignments found ;
; b[13]      ; No input delay, min/max delays, false-path exceptions, or max skew assignments found ;
; b[14]      ; No input delay, min/max delays, false-path exceptions, or max skew assignments found ;
; b[15]      ; No input delay, min/max delays, false-path exceptions, or max skew assignments found ;
; b[16]      ; No input delay, min/max delays, false-path exceptions, or max skew assignments found ;
; b[17]      ; No input delay, min/max delays, false-path exceptions, or max skew assignments found ;
; b[18]      ; No input delay, min/max delays, false-path exceptions, or max skew assignments found ;
; b[19]      ; No input delay, min/max delays, false-path exceptions, or max skew assignments found ;
; b[20]      ; No input delay, min/max delays, false-path exceptions, or max skew assignments found ;
; b[21]      ; No input delay, min/max delays, false-path exceptions, or max skew assignments found ;
; b[22]      ; No input delay, min/max delays, false-path exceptions, or max skew assignments found ;
; b[23]      ; No input delay, min/max delays, false-path exceptions, or max skew assignments found ;
; b[24]      ; No input delay, min/max delays, false-path exceptions, or max skew assignments found ;
+------------+--------------------------------------------------------------------------------------+


+-----------------------------------------------------------------------------------------------------+
; Unconstrained Output Ports                                                                          ;
+-------------+---------------------------------------------------------------------------------------+
; Output Port ; Comment                                                                               ;
+-------------+---------------------------------------------------------------------------------------+
; y[0]        ; No output delay, min/max delays, false-path exceptions, or max skew assignments found ;
; y[1]        ; No output delay, min/max delays, false-path exceptions, or max skew assignments found ;
; y[2]        ; No output delay, min/max delays, false-path exceptions, or max skew assignments found ;
; y[3]        ; No output delay, min/max delays, false-path exceptions, or max skew assignments found ;
; y[4]        ; No output delay, min/max delays, false-path exceptions, or max skew assignments found ;
+-------------+---------------------------------------------------------------------------------------+


+--------------------------+
; Timing Analyzer Messages ;
+--------------------------+
Info: *******************************************************************
Info: Running Quartus Prime Timing Analyzer
    Info: Version 20.1.1 Build 720 11/11/2020 SJ Standard Edition
    Info: Processing started: Fri Mar  8 19:21:09 2024
Info: Command: quartus_sta hamming_distance -c hamming_distance
Info: qsta_default_script.tcl version: #1
Warning (18236): Number of processors has not been specified which may cause overloading on shared machines.  Set the global assignment NUM_PARALLEL_PROCESSORS in your QSF to an appropriate value for best performance.
Info (20030): Parallel compilation is enabled and will use 8 of the 8 processors detected
Info (21077): Low junction temperature is 0 degrees C
Info (21077): High junction temperature is 85 degrees C
Info (332104): Reading SDC File: 'sdc1.sdc'
Info (332142): No user constrained base clocks found in the design. Calling "derive_clocks -period 1.0"
Info (332096): The command derive_clocks did not find any clocks to derive.  No clocks were created or changed.
Warning (332068): No clocks defined in design.
Info (332143): No user constrained clock uncertainty found in the design. Calling "derive_clock_uncertainty"
Info (332154): The derive_clock_uncertainty command did not apply clock uncertainty to any clock-to-clock transfers.
Info: Found TIMING_ANALYZER_REPORT_SCRIPT_INCLUDE_DEFAULT_ANALYSIS = ON
Info (332159): No clocks to report
Info: Analyzing Slow 1200mV 85C Model
Info (332140): No fmax paths to report
Critical Warning (332148): Timing requirements not met
    Info (11105): For recommendations on closing timing, run Report Timing Closure Recommendations in the Timing Analyzer.
Info (332146): Worst-case setup slack is -3.307
    Info (332119):     Slack       End Point TNS Clock 
    Info (332119): ========= =================== =====================
    Info (332119):    -3.307             -12.053 n/a 
Info (332140): No Hold paths to report
Info (332140): No Recovery paths to report
Info (332140): No Removal paths to report
Info (332140): No Minimum Pulse Width paths to report
Info: Analyzing Slow 1200mV 0C Model
Info (334003): Started post-fitting delay annotation
Info (334004): Delay annotation completed successfully
Info (332142): No user constrained base clocks found in the design. Calling "derive_clocks -period 1.0"
Info (332096): The command derive_clocks did not find any clocks to derive.  No clocks were created or changed.
Warning (332068): No clocks defined in design.
Info (332154): The derive_clock_uncertainty command did not apply clock uncertainty to any clock-to-clock transfers.
Info (332140): No fmax paths to report
Critical Warning (332148): Timing requirements not met
    Info (11105): For recommendations on closing timing, run Report Timing Closure Recommendations in the Timing Analyzer.
Info (332146): Worst-case setup slack is -2.127
    Info (332119):     Slack       End Point TNS Clock 
    Info (332119): ========= =================== =====================
    Info (332119):    -2.127              -6.739 n/a 
Info (332140): No Hold paths to report
Info (332140): No Recovery paths to report
Info (332140): No Removal paths to report
Info (332140): No Minimum Pulse Width paths to report
Info: Analyzing Fast 1200mV 0C Model
Info (332142): No user constrained base clocks found in the design. Calling "derive_clocks -period 1.0"
Info (332096): The command derive_clocks did not find any clocks to derive.  No clocks were created or changed.
Warning (332068): No clocks defined in design.
Info (332154): The derive_clock_uncertainty command did not apply clock uncertainty to any clock-to-clock transfers.
Info (332146): Worst-case setup slack is 2.424
    Info (332119):     Slack       End Point TNS Clock 
    Info (332119): ========= =================== =====================
    Info (332119):     2.424               0.000 n/a 
Info (332140): No Hold paths to report
Info (332140): No Recovery paths to report
Info (332140): No Removal paths to report
Info (332140): No Minimum Pulse Width paths to report
Info (332101): Design is fully constrained for setup requirements
Info (332102): Design is not fully constrained for hold requirements
Info: Quartus Prime Timing Analyzer was successful. 0 errors, 6 warnings
    Info: Peak virtual memory: 503 megabytes
    Info: Processing ended: Fri Mar  8 19:21:10 2024
    Info: Elapsed time: 00:00:01
    Info: Total CPU time (on all processors): 00:00:01


